// Vitest Snapshot v1, https://vitest.dev/guide/snapshot.html

exports[`Phase A capability matrix > matrix matches the documented rules (snapshot) 1`] = `
{
  "administrator": {
    "assignCompanyAdmin": false,
    "confirmAIAnalysis": true,
    "createMaintenanceRequest": false,
    "createProjects": false,
    "editFinance": false,
    "editGanttSupplierTab": false,
    "editGanttTasks": false,
    "editOwnTaskProgress": false,
    "editProjects": false,
    "exportAuditLog": true,
    "exportReports": true,
    "logSafetyIncident": false,
    "logServiceJobWork": true,
    "manageCatalogue": true,
    "manageMaintenance": true,
    "manageSales": true,
    "manageServiceJobs": true,
    "manageStakeholders": true,
    "manageSuppliers": true,
    "manageUsers": true,
    "reanalyzeWithOpus": false,
    "releasePaymentMilestone": false,
    "resolveSafetyIncident": false,
    "respondToOwnOrders": false,
    "seeAdminDashboard": true,
    "uploadPhotos": false,
    "viewAIAnalysis": true,
    "viewAudit": true,
    "viewDashboard": true,
    "viewFiles": true,
    "viewGPSCoordinates": true,
    "viewGallery": true,
    "viewGantt": true,
    "viewGanttInventory": true,
    "viewGanttPlans": true,
    "viewGanttPunchList": true,
    "viewGanttSiteDiary": true,
    "viewGanttSupplierTab": true,
    "viewJobsBoard": true,
    "viewMessages": true,
    "viewOwnMaintenance": false,
    "viewPortfolioRollup": true,
    "viewProjectFiles": true,
    "viewProjects": true,
    "viewReports": true,
    "viewReportsFinance": false,
    "viewSafety": true,
    "viewSettings": true,
    "viewUpload": false,
    "writeGanttInventory": false,
    "writeGanttPlans": false,
    "writeGanttPunchList": false,
    "writeGanttSiteDiary": false,
  },
  "company_admin": {
    "assignCompanyAdmin": true,
    "confirmAIAnalysis": true,
    "createMaintenanceRequest": false,
    "createProjects": true,
    "editFinance": true,
    "editGanttSupplierTab": true,
    "editGanttTasks": true,
    "editOwnTaskProgress": true,
    "editProjects": true,
    "exportAuditLog": true,
    "exportReports": true,
    "logSafetyIncident": true,
    "logServiceJobWork": true,
    "manageCatalogue": true,
    "manageMaintenance": true,
    "manageSales": true,
    "manageServiceJobs": true,
    "manageStakeholders": true,
    "manageSuppliers": true,
    "manageUsers": true,
    "reanalyzeWithOpus": true,
    "releasePaymentMilestone": false,
    "resolveSafetyIncident": true,
    "respondToOwnOrders": false,
    "seeAdminDashboard": true,
    "uploadPhotos": true,
    "viewAIAnalysis": true,
    "viewAudit": true,
    "viewDashboard": true,
    "viewFiles": true,
    "viewGPSCoordinates": true,
    "viewGallery": true,
    "viewGantt": true,
    "viewGanttInventory": true,
    "viewGanttPlans": true,
    "viewGanttPunchList": true,
    "viewGanttSiteDiary": true,
    "viewGanttSupplierTab": true,
    "viewJobsBoard": true,
    "viewMessages": true,
    "viewOwnMaintenance": false,
    "viewPortfolioRollup": true,
    "viewProjectFiles": true,
    "viewProjects": true,
    "viewReports": true,
    "viewReportsFinance": true,
    "viewSafety": true,
    "viewSettings": true,
    "viewUpload": true,
    "writeGanttInventory": true,
    "writeGanttPlans": true,
    "writeGanttPunchList": true,
    "writeGanttSiteDiary": true,
  },
  "construction_mgr": {
    "assignCompanyAdmin": false,
    "confirmAIAnalysis": true,
    "createMaintenanceRequest": false,
    "createProjects": true,
    "editFinance": false,
    "editGanttSupplierTab": true,
    "editGanttTasks": true,
    "editOwnTaskProgress": true,
    "editProjects": true,
    "exportAuditLog": false,
    "exportReports": true,
    "logSafetyIncident": true,
    "logServiceJobWork": true,
    "manageCatalogue": true,
    "manageMaintenance": true,
    "manageSales": true,
    "manageServiceJobs": true,
    "manageStakeholders": false,
    "manageSuppliers": false,
    "manageUsers": false,
    "reanalyzeWithOpus": true,
    "releasePaymentMilestone": false,
    "resolveSafetyIncident": true,
    "respondToOwnOrders": false,
    "seeAdminDashboard": false,
    "uploadPhotos": true,
    "viewAIAnalysis": true,
    "viewAudit": true,
    "viewDashboard": true,
    "viewFiles": true,
    "viewGPSCoordinates": true,
    "viewGallery": true,
    "viewGantt": true,
    "viewGanttInventory": true,
    "viewGanttPlans": true,
    "viewGanttPunchList": true,
    "viewGanttSiteDiary": true,
    "viewGanttSupplierTab": true,
    "viewJobsBoard": true,
    "viewMessages": true,
    "viewOwnMaintenance": false,
    "viewPortfolioRollup": true,
    "viewProjectFiles": true,
    "viewProjects": true,
    "viewReports": true,
    "viewReportsFinance": false,
    "viewSafety": true,
    "viewSettings": true,
    "viewUpload": true,
    "writeGanttInventory": true,
    "writeGanttPlans": true,
    "writeGanttPunchList": true,
    "writeGanttSiteDiary": true,
  },
  "customer": {
    "assignCompanyAdmin": false,
    "confirmAIAnalysis": false,
    "createMaintenanceRequest": true,
    "createProjects": false,
    "editFinance": false,
    "editGanttSupplierTab": false,
    "editGanttTasks": false,
    "editOwnTaskProgress": false,
    "editProjects": false,
    "exportAuditLog": false,
    "exportReports": false,
    "logSafetyIncident": false,
    "logServiceJobWork": false,
    "manageCatalogue": false,
    "manageMaintenance": false,
    "manageSales": false,
    "manageServiceJobs": false,
    "manageStakeholders": false,
    "manageSuppliers": false,
    "manageUsers": false,
    "reanalyzeWithOpus": false,
    "releasePaymentMilestone": false,
    "resolveSafetyIncident": false,
    "respondToOwnOrders": false,
    "seeAdminDashboard": false,
    "uploadPhotos": false,
    "viewAIAnalysis": false,
    "viewAudit": false,
    "viewDashboard": false,
    "viewFiles": false,
    "viewGPSCoordinates": false,
    "viewGallery": false,
    "viewGantt": false,
    "viewGanttInventory": false,
    "viewGanttPlans": false,
    "viewGanttPunchList": false,
    "viewGanttSiteDiary": false,
    "viewGanttSupplierTab": false,
    "viewJobsBoard": false,
    "viewMessages": false,
    "viewOwnMaintenance": true,
    "viewPortfolioRollup": false,
    "viewProjectFiles": false,
    "viewProjects": false,
    "viewReports": false,
    "viewReportsFinance": false,
    "viewSafety": false,
    "viewSettings": false,
    "viewUpload": false,
    "writeGanttInventory": false,
    "writeGanttPlans": false,
    "writeGanttPunchList": false,
    "writeGanttSiteDiary": false,
  },
  "dev": {
    "assignCompanyAdmin": true,
    "confirmAIAnalysis": true,
    "createMaintenanceRequest": true,
    "createProjects": true,
    "editFinance": true,
    "editGanttSupplierTab": true,
    "editGanttTasks": true,
    "editOwnTaskProgress": true,
    "editProjects": true,
    "exportAuditLog": true,
    "exportReports": true,
    "logSafetyIncident": true,
    "logServiceJobWork": true,
    "manageCatalogue": true,
    "manageMaintenance": true,
    "manageSales": true,
    "manageServiceJobs": true,
    "manageStakeholders": true,
    "manageSuppliers": true,
    "manageUsers": true,
    "reanalyzeWithOpus": true,
    "releasePaymentMilestone": true,
    "resolveSafetyIncident": true,
    "respondToOwnOrders": true,
    "seeAdminDashboard": true,
    "uploadPhotos": true,
    "viewAIAnalysis": true,
    "viewAudit": true,
    "viewDashboard": true,
    "viewFiles": true,
    "viewGPSCoordinates": true,
    "viewGallery": true,
    "viewGantt": true,
    "viewGanttInventory": true,
    "viewGanttPlans": true,
    "viewGanttPunchList": true,
    "viewGanttSiteDiary": true,
    "viewGanttSupplierTab": true,
    "viewJobsBoard": true,
    "viewMessages": true,
    "viewOwnMaintenance": true,
    "viewPortfolioRollup": true,
    "viewProjectFiles": true,
    "viewProjects": true,
    "viewReports": true,
    "viewReportsFinance": true,
    "viewSafety": true,
    "viewSettings": true,
    "viewUpload": true,
    "writeGanttInventory": true,
    "writeGanttPlans": true,
    "writeGanttPunchList": true,
    "writeGanttSiteDiary": true,
  },
  "project_manager": {
    "assignCompanyAdmin": false,
    "confirmAIAnalysis": true,
    "createMaintenanceRequest": false,
    "createProjects": true,
    "editFinance": true,
    "editGanttSupplierTab": true,
    "editGanttTasks": true,
    "editOwnTaskProgress": true,
    "editProjects": true,
    "exportAuditLog": false,
    "exportReports": true,
    "logSafetyIncident": true,
    "logServiceJobWork": true,
    "manageCatalogue": true,
    "manageMaintenance": true,
    "manageSales": true,
    "manageServiceJobs": true,
    "manageStakeholders": false,
    "manageSuppliers": false,
    "manageUsers": false,
    "reanalyzeWithOpus": true,
    "releasePaymentMilestone": false,
    "resolveSafetyIncident": true,
    "respondToOwnOrders": false,
    "seeAdminDashboard": false,
    "uploadPhotos": true,
    "viewAIAnalysis": true,
    "viewAudit": true,
    "viewDashboard": true,
    "viewFiles": true,
    "viewGPSCoordinates": true,
    "viewGallery": true,
    "viewGantt": true,
    "viewGanttInventory": true,
    "viewGanttPlans": true,
    "viewGanttPunchList": true,
    "viewGanttSiteDiary": true,
    "viewGanttSupplierTab": true,
    "viewJobsBoard": true,
    "viewMessages": true,
    "viewOwnMaintenance": false,
    "viewPortfolioRollup": false,
    "viewProjectFiles": true,
    "viewProjects": true,
    "viewReports": true,
    "viewReportsFinance": true,
    "viewSafety": true,
    "viewSettings": true,
    "viewUpload": true,
    "writeGanttInventory": true,
    "writeGanttPlans": true,
    "writeGanttPunchList": true,
    "writeGanttSiteDiary": true,
  },
  "stakeholder": {
    "assignCompanyAdmin": false,
    "confirmAIAnalysis": false,
    "createMaintenanceRequest": false,
    "createProjects": false,
    "editFinance": false,
    "editGanttSupplierTab": false,
    "editGanttTasks": false,
    "editOwnTaskProgress": false,
    "editProjects": false,
    "exportAuditLog": false,
    "exportReports": false,
    "logSafetyIncident": false,
    "logServiceJobWork": false,
    "manageCatalogue": false,
    "manageMaintenance": false,
    "manageSales": false,
    "manageServiceJobs": false,
    "manageStakeholders": false,
    "manageSuppliers": false,
    "manageUsers": false,
    "reanalyzeWithOpus": false,
    "releasePaymentMilestone": true,
    "resolveSafetyIncident": false,
    "respondToOwnOrders": false,
    "seeAdminDashboard": false,
    "uploadPhotos": false,
    "viewAIAnalysis": true,
    "viewAudit": false,
    "viewDashboard": true,
    "viewFiles": true,
    "viewGPSCoordinates": false,
    "viewGallery": true,
    "viewGantt": true,
    "viewGanttInventory": true,
    "viewGanttPlans": true,
    "viewGanttPunchList": true,
    "viewGanttSiteDiary": true,
    "viewGanttSupplierTab": true,
    "viewJobsBoard": false,
    "viewMessages": true,
    "viewOwnMaintenance": false,
    "viewPortfolioRollup": false,
    "viewProjectFiles": true,
    "viewProjects": true,
    "viewReports": true,
    "viewReportsFinance": true,
    "viewSafety": true,
    "viewSettings": true,
    "viewUpload": false,
    "writeGanttInventory": false,
    "writeGanttPlans": false,
    "writeGanttPunchList": false,
    "writeGanttSiteDiary": false,
  },
  "supplier": {
    "assignCompanyAdmin": false,
    "confirmAIAnalysis": false,
    "createMaintenanceRequest": false,
    "createProjects": false,
    "editFinance": false,
    "editGanttSupplierTab": false,
    "editGanttTasks": false,
    "editOwnTaskProgress": false,
    "editProjects": false,
    "exportAuditLog": false,
    "exportReports": false,
    "logSafetyIncident": false,
    "logServiceJobWork": false,
    "manageCatalogue": false,
    "manageMaintenance": false,
    "manageSales": false,
    "manageServiceJobs": false,
    "manageStakeholders": false,
    "manageSuppliers": false,
    "manageUsers": false,
    "reanalyzeWithOpus": false,
    "releasePaymentMilestone": false,
    "resolveSafetyIncident": false,
    "respondToOwnOrders": true,
    "seeAdminDashboard": false,
    "uploadPhotos": false,
    "viewAIAnalysis": false,
    "viewAudit": false,
    "viewDashboard": true,
    "viewFiles": true,
    "viewGPSCoordinates": false,
    "viewGallery": true,
    "viewGantt": true,
    "viewGanttInventory": false,
    "viewGanttPlans": false,
    "viewGanttPunchList": false,
    "viewGanttSiteDiary": false,
    "viewGanttSupplierTab": true,
    "viewJobsBoard": false,
    "viewMessages": true,
    "viewOwnMaintenance": false,
    "viewPortfolioRollup": false,
    "viewProjectFiles": true,
    "viewProjects": true,
    "viewReports": true,
    "viewReportsFinance": false,
    "viewSafety": true,
    "viewSettings": true,
    "viewUpload": false,
    "writeGanttInventory": false,
    "writeGanttPlans": false,
    "writeGanttPunchList": false,
    "writeGanttSiteDiary": false,
  },
  "worker": {
    "assignCompanyAdmin": false,
    "confirmAIAnalysis": false,
    "createMaintenanceRequest": false,
    "createProjects": false,
    "editFinance": false,
    "editGanttSupplierTab": false,
    "editGanttTasks": false,
    "editOwnTaskProgress": true,
    "editProjects": false,
    "exportAuditLog": false,
    "exportReports": false,
    "logSafetyIncident": true,
    "logServiceJobWork": true,
    "manageCatalogue": false,
    "manageMaintenance": false,
    "manageSales": false,
    "manageServiceJobs": false,
    "manageStakeholders": false,
    "manageSuppliers": false,
    "manageUsers": false,
    "reanalyzeWithOpus": false,
    "releasePaymentMilestone": false,
    "resolveSafetyIncident": false,
    "respondToOwnOrders": false,
    "seeAdminDashboard": false,
    "uploadPhotos": true,
    "viewAIAnalysis": true,
    "viewAudit": false,
    "viewDashboard": true,
    "viewFiles": true,
    "viewGPSCoordinates": false,
    "viewGallery": true,
    "viewGantt": true,
    "viewGanttInventory": true,
    "viewGanttPlans": true,
    "viewGanttPunchList": true,
    "viewGanttSiteDiary": true,
    "viewGanttSupplierTab": false,
    "viewJobsBoard": true,
    "viewMessages": true,
    "viewOwnMaintenance": false,
    "viewPortfolioRollup": false,
    "viewProjectFiles": true,
    "viewProjects": true,
    "viewReports": false,
    "viewReportsFinance": false,
    "viewSafety": true,
    "viewSettings": true,
    "viewUpload": true,
    "writeGanttInventory": false,
    "writeGanttPlans": false,
    "writeGanttPunchList": true,
    "writeGanttSiteDiary": true,
  },
}
`;
